// Jest Snapshot v1, https://goo.gl/fbAQLP

exports[`matches snapshot 1`] = `
<DocumentFragment>
  <div
    class="App"
  >
    <nav>
      <a
        aria-current="page"
        class="active"
        href="/dogs"
      >
        Home
      </a>
      <a
        href="/dogs/whiskey"
      >
        Whiskey
      </a>
      <a
        href="/dogs/duke"
      >
        Duke
      </a>
      <a
        href="/dogs/perry"
      >
        Perry
      </a>
      <a
        href="/dogs/tubby"
      >
        Tubby
      </a>
    </nav>
    <div
      class="container"
    >
      <div
        class="Doglist"
      >
        <div
          class="DogCard"
        >
          <img
            alt="Whiskey"
            class="DogCard-img"
            src="whiskey.jpg"
          />
          <hr />
          <h3
            class="DogCard-link"
          >
            <a
              href="/dogs/whiskey"
            >
              Whiskey
            </a>
          </h3>
        </div>
        <div
          class="DogCard"
        >
          <img
            alt="Duke"
            class="DogCard-img"
            src="duke.jpg"
          />
          <hr />
          <h3
            class="DogCard-link"
          >
            <a
              href="/dogs/duke"
            >
              Duke
            </a>
          </h3>
        </div>
        <div
          class="DogCard"
        >
          <img
            alt="Perry"
            class="DogCard-img"
            src="perry.jpg"
          />
          <hr />
          <h3
            class="DogCard-link"
          >
            <a
              href="/dogs/perry"
            >
              Perry
            </a>
          </h3>
        </div>
        <div
          class="DogCard"
        >
          <img
            alt="Tubby"
            class="DogCard-img"
            src="tubby.jpg"
          />
          <hr />
          <h3
            class="DogCard-link"
          >
            <a
              href="/dogs/tubby"
            >
              Tubby
            </a>
          </h3>
        </div>
      </div>
    </div>
  </div>
</DocumentFragment>
`;
